// Jest Snapshot v1, https://goo.gl/fbAQLP

exports[`Book list row should render correctely 1`] = `
<tr>
  <td>
    NaN
  </td>
  <td>
    Fine Boys
  </td>
  <td>
    Imaseun Egbosa
  </td>
  <td>
    <a
      className="modal-trigger .modal-close"
      id="edit-book"
      onClick={[Function]}
      style={
        Object {
          "cursor": "pointer",
        }
      }
    >
      <i
        className="material-icons"
      >
        edit
      </i>
    </a>
  </td>
  <td>
    <a
      id="delete-book"
      onClick={[Function]}
      style={
        Object {
          "cursor": "pointer",
        }
      }
    >
      <i
        className="material-icons"
      >
        delete
      </i>
    </a>
  </td>
</tr>
`;
