// Jest Snapshot v1, https://goo.gl/fbAQLP

exports[`Carousel should call componentDidUpdate 1`] = `
<div
  className="home-page-slider"
>
  <div
    className="slider"
    style={
      Object {
        "background": "rgba(0,0,0,0.7)",
      }
    }
  >
    <ul
      className="slides"
    >
      <li>
        <img
          alt=""
          src={null}
        />
        <div
          className="caption left-align"
        >
          <h1
            style={
              Object {
                "textShadow": "0 1px 0 black",
              }
            }
          >
            Welcome to HelloBooks
          </h1>
          <h3
            className="light grey-text text-lighten-3"
            style={
              Object {
                "textShadow": "0 1px 0 black",
              }
            }
          >
            Sign Up today to enter into 
            <br />
             a whole book world
          </h3>
        </div>
      </li>
      <li>
        <img
          alt=""
          src={null}
        />
        <div
          className="caption left-align"
        >
          <h1
            style={
              Object {
                "color": "#ffffff",
                "textShadow": "0 1px 0 black",
              }
            }
          >
            Welcome to the HelloBooks
          </h1>
          <h2
            className="light grey-text text-lighten-3"
          >
            You can borrow a book to read 
            <br />
             and post reviews on it
          </h2>
        </div>
      </li>
      <li>
        <img
          alt=""
          src={null}
        />
        <div
          className="caption left-align"
        >
          <h3
            style={
              Object {
                "color": "#ffffff",
                "textShadow": "0 1px 0 black",
              }
            }
          >
            Welcome to HelloBooks
          </h3>
          <h5
            className="light grey-text text-lighten-3"
          >
            Create Reading list and 
            <br />
              suggest books to the library
          </h5>
        </div>
      </li>
      <li>
        <img
          alt=""
          src={null}
        />
        <div
          className="caption left-align"
        >
          <h3
            style={
              Object {
                "color": "#ffffff",
                "textShadow": "0 1px 0 black",
              }
            }
          >
            Welcome to HelloBooks
          </h3>
          <h5
            className="light grey-text text-lighten-3"
          >
            Review books and add 
            <br />
            books to your favorite list
          </h5>
        </div>
      </li>
      <li>
        <img
          alt=""
          src={null}
        />
        <div
          className="caption left-align"
        >
          <h3
            style={
              Object {
                "color": "#ffffff",
                "textShadow": "0 1px 0 black",
              }
            }
          >
            Welcome to HelloBooks
          </h3>
          <h5
            className="light grey-text text-lighten-3"
          >
            Sign Up today to enter into a whole book world
          </h5>
        </div>
      </li>
      <li>
        <img
          alt=""
          src={null}
        />
        <div
          className="caption left-align"
        >
          <h3
            style={
              Object {
                "color": "#ffffff",
                "textShadow": "0 1px 0 black",
              }
            }
          >
            Welcome to HelloBooks
          </h3>
          <h5
            className="light grey-text text-lighten-3"
          >
            Sign Up today to enter into a whole book world
          </h5>
        </div>
      </li>
    </ul>
  </div>
</div>
`;
