// Jest Snapshot v1, https://goo.gl/fbAQLP

exports[`Sign in page should redirect to previous page or home if user is already authenticated 1`] = `
<div>
  <div
    id="banner"
  >
    <div
      className="container form-style signin-form"
    >
      <div
        className="row"
      >
        <div
          className="row signup-head"
        >
          <div
            className="col s12"
          >
            <h5
              className="center-align"
            >
               Login to HelloBooks Account 
            </h5>
          </div>
        </div>
        <div
          className="col s12 "
        >
          <div
            className="row "
          >
            <form
              className="col s12 signup"
              onSubmit={[Function]}
            >
              <TextInput
                icon="account_circle"
                id="username"
                name="username"
                onChange={[Function]}
                placeholder="Username"
                type="text"
                value=""
              />
              <TextInput
                icon="lock"
                id="password"
                name="password"
                onChange={[Function]}
                placeholder="Password"
                type="password"
                value=""
              />
              <button
                className="waves-effect waves-light btn"
                disabled={true}
                type="submit"
              >
                Sign In
              </button>
            </form>
          </div>
        </div>
      </div>
      <div
        className="terms"
      >
        <p>
           Don't have an account? 
          <Link
            replace={false}
            to="/signup"
          >
            Sign Up Now
          </Link>
        </p>
      </div>
    </div>
  </div>
</div>
`;

exports[`Sign in page should render appropriately 1`] = `
<div>
  <div
    id="banner"
  >
    <div
      className="container form-style signin-form"
    >
      <div
        className="row"
      >
        <div
          className="row signup-head"
        >
          <div
            className="col s12"
          >
            <h5
              className="center-align"
            >
               Login to HelloBooks Account 
            </h5>
          </div>
        </div>
        <div
          className="col s12 "
        >
          <div
            className="row "
          >
            <form
              className="col s12 signup"
              onSubmit={[Function]}
            >
              <TextInput
                icon="account_circle"
                id="username"
                name="username"
                onChange={[Function]}
                placeholder="Username"
                type="text"
                value=""
              />
              <TextInput
                icon="lock"
                id="password"
                name="password"
                onChange={[Function]}
                placeholder="Password"
                type="password"
                value=""
              />
              <button
                className="waves-effect waves-light btn"
                disabled={true}
                type="submit"
              >
                Sign In
              </button>
            </form>
          </div>
        </div>
      </div>
      <div
        className="terms"
      >
        <p>
           Don't have an account? 
          <Link
            replace={false}
            to="/signup"
          >
            Sign Up Now
          </Link>
        </p>
      </div>
    </div>
  </div>
</div>
`;
